// Jest Snapshot v1, https://goo.gl/fbAQLP

exports[`mounts correctly 1`] = `ShallowWrapper {}`;

exports[`renders correctly 1`] = `
<View
  style={
    Object {
      "backgroundColor": "red",
    }
  }
/>
`;
